[html.slicemypage.com/boka/index.html]
[backblue.gif]
[fade.gif]
[index.html]
[html.slicemypage.com/boka/include/images/favicon.png]
[html.slicemypage.com/boka/include/css/bootstrap.min.css]
[html.slicemypage.com/boka/include/css/swiper-bundle.min.css]
[html.slicemypage.com/boka/include/css/fontawesome.min.css]
[html.slicemypage.com/boka/include/css/style.css]
[html.slicemypage.com/boka/index-v1.html]
[html.slicemypage.com/boka/include/images/landing-img/boka-version1-preview.png]
[html.slicemypage.com/boka/index-v2.html]
[html.slicemypage.com/boka/include/images/landing-img/boka-version2-preview.png]
[html.slicemypage.com/boka/index-v3.html]
[html.slicemypage.com/boka/include/images/landing-img/boka-version3-preview.png]
[html.slicemypage.com/boka/include/js/jquery-3.7.1.min.js]
[html.slicemypage.com/boka/include/js/bootstrap.bundle.min.js]
[html.slicemypage.com/boka/include/js/swiper-bundle.min.js]
[html.slicemypage.com/boka/include/js/gsap.min.js]
[html.slicemypage.com/boka/include/js/ScrollTrigger.min.js]
[html.slicemypage.com/boka/include/js/SplitText.min.js]
[html.slicemypage.com/boka/include/js/TextPlugin.min.js]
[html.slicemypage.com/boka/include/js/jquery.validate.min.js]
[html.slicemypage.com/boka/index.html]
[html.slicemypage.com/boka/include/css/bootstrap.min.css]
[html.slicemypage.com/boka/include/css/swiper-bundle.min.css]
[html.slicemypage.com/boka/include/js/custom.js]
[html.slicemypage.com/boka/include/webfonts/fa-brands-400.woff2]
[html.slicemypage.com/boka/include/webfonts/fa-brands-400.ttf]
[html.slicemypage.com/boka/include/webfonts/fa-regular-400.woff2]
[html.slicemypage.com/boka/include/webfonts/fa-regular-400.ttf]
[html.slicemypage.com/boka/include/webfonts/fa-solid-900.woff2]
[html.slicemypage.com/boka/include/webfonts/fa-solid-900.ttf]
[html.slicemypage.com/boka/include/webfonts/fa-v4compatibility.woff2]
[html.slicemypage.com/boka/include/webfonts/fa-v4compatibility.ttf]
[html.slicemypage.com/boka/include/css/fontawesome.min.css]
[html.slicemypage.com/boka/include/css/style.css]
[html.slicemypage.com/boka/include/images/boka-logo.png]
[html.slicemypage.com/boka/include/images/hero.jpg]
[html.slicemypage.com/boka/include/images/about-icon.png]
[html.slicemypage.com/boka/include/images/services-icon.png]
[html.slicemypage.com/boka/include/images/portfolio-icon.png]
[html.slicemypage.com/boka/include/images/resume-icon.png]
[html.slicemypage.com/boka/include/images/blog-icon.png]
[html.slicemypage.com/boka/include/images/contact-icon.png]
[html.slicemypage.com/boka/include/images/about-img.jpg]
[html.slicemypage.com/boka/include/images/signature.png]
[html.slicemypage.com/boka/include/images/service1.jpg]
[html.slicemypage.com/boka/include/images/service1-mob.jpg]
[html.slicemypage.com/boka/include/images/service2.jpg]
[html.slicemypage.com/boka/include/images/service2-mob.jpg]
[html.slicemypage.com/boka/include/images/service3.jpg]
[html.slicemypage.com/boka/include/images/service3-mob.jpg]
[html.slicemypage.com/boka/include/images/service4.jpg]
[html.slicemypage.com/boka/include/images/service4-mob.jpg]
[html.slicemypage.com/boka/include/images/service5.jpg]
[html.slicemypage.com/boka/include/images/service5-mob.jpg]
[html.slicemypage.com/boka/include/images/service6.jpg]
[html.slicemypage.com/boka/include/images/service6-mob.jpg]
[html.slicemypage.com/boka/include/images/portfolio1.jpg]
[html.slicemypage.com/boka/include/images/portfolio2.jpg]
[html.slicemypage.com/boka/include/images/portfolio3.jpg]
[html.slicemypage.com/boka/include/images/portfolio4.jpg]
[html.slicemypage.com/boka/include/images/client-logo1.png]
[html.slicemypage.com/boka/include/images/client-logo2.png]
[html.slicemypage.com/boka/include/images/client-logo3.png]
[html.slicemypage.com/boka/include/images/client-logo4.png]
[html.slicemypage.com/boka/include/images/awwwards-logo.png]
[html.slicemypage.com/boka/include/images/webbyawards-logo.png]
[html.slicemypage.com/boka/include/images/fwa-logo.png]
[html.slicemypage.com/boka/include/images/html5-logo.svg]
[html.slicemypage.com/boka/include/images/css3-logo.svg]
[html.slicemypage.com/boka/include/images/javascript-logo.svg]
[html.slicemypage.com/boka/include/images/typescript-logo.svg]
[html.slicemypage.com/boka/include/images/react-logo.svg]
[html.slicemypage.com/boka/include/images/next-js-logo.svg]
[html.slicemypage.com/boka/include/images/figma-logo.svg]
[html.slicemypage.com/boka/include/images/wordpress-logo.svg]
[html.slicemypage.com/boka/include/images/blog-img1.jpg]
[html.slicemypage.com/boka/include/images/blog-img2.jpg]
[html.slicemypage.com/boka/include/images/blog-img3.jpg]
[html.slicemypage.com/boka/index-v1.html]
[html.slicemypage.com/boka/index-v2.html]
[html.slicemypage.com/boka/index-v3.html]
[html.slicemypage.com/boka/include/js/jquery-3.7.1.min.js]
[html.slicemypage.com/boka/include/js/bootstrap.bundle.min.js]
[html.slicemypage.com/boka/e]
[html.slicemypage.com/boka/Version/index.html]
[html.slicemypage.com/boka/t.params.url]
[html.slicemypage.com/boka/include/js/swiper-bundle.min.js]
[html.slicemypage.com/boka/include/js/gsap.min.js]
[html.slicemypage.com/boka/include/js/ScrollTrigger.min.js]
[html.slicemypage.com/boka/include/js/SplitText.min.js]
[html.slicemypage.com/boka/include/js/TextPlugin.min.js]
[html.slicemypage.com/boka/include/js/jquery.validate.min.js]
[html.slicemypage.com/boka/include/js/custom.js]
[html.slicemypage.com/boka/include/images/html5-logo.svg]
[html.slicemypage.com/boka/include/images/css3-logo.svg]
[html.slicemypage.com/boka/include/images/javascript-logo.svg]
[html.slicemypage.com/boka/include/images/typescript-logo.svg]
[html.slicemypage.com/boka/include/images/react-logo.svg]
[html.slicemypage.com/boka/include/images/next-js-logo.svg]
[html.slicemypage.com/boka/include/images/figma-logo.svg]
[html.slicemypage.com/boka/include/images/wordpress-logo.svg]
[html.slicemypage.com/boka/Version/index.html]
[html.slicemypage.com/boka/e.html]
[html.slicemypage.com/boka/t.params.html]
